=== FIXEDWIDE 1.0.0 FRESH EXTRACTION VERIFICATION LOG ===
Date: 2026-09-03
Source Archive: fixedwide-1.0.0-source.zip
SHA-256 Checksum: 9e0e1f3a9f2d7cf1352c5fdcfe58c443d7ea63c5829899b28c4918e643dd289a

1. Extraction Target: /tmp/verify_fixedwide_extraction/fixedwide-1.0.0
   Extraction status: OK (113 files extracted)

2. CMake Configuration:
   Command: cmake -B build -DCMAKE_CXX_COMPILER=clang++ -DCMAKE_BUILD_TYPE=Release -DFIXEDWIDE_BUILD_TESTS=ON -DFIXEDWIDE_BUILD_ORACLE_TESTS=ON -DFIXEDWIDE_BUILD_EXAMPLES=ON
   Configuration status: OK

3. Compilation:
   Command: cmake --build build -j
   Build status: OK (libfixedwide.a, all unit test binaries, example binary built)

4. CTest Execution:
   Command: ctest --test-dir build --output-on-failure
   Results:
      1/14 Test  #1: fixedwide.storage ........................   Passed    0.00 sec
      2/14 Test  #2: fixedwide.wide ...........................   Passed    0.00 sec
      3/14 Test  #3: fixedwide.rounding .......................   Passed    0.00 sec
      4/14 Test  #4: fixedwide.core ...........................   Passed    0.00 sec
      5/14 Test  #5: fixedwide.mixed ..........................   Passed    0.00 sec
      6/14 Test  #6: fixedwide.chars ..........................   Passed    0.00 sec
      7/14 Test  #7: fixedwide.binary .........................   Passed    0.00 sec
      8/14 Test  #8: fixedwide.floating .......................   Passed    0.00 sec
      9/14 Test  #9: fixedwide.no_alloc .......................   Passed    0.00 sec
     10/14 Test #10: fixedwide.negative.ambiguous_mixed_mul ...   Passed    0.08 sec
     11/14 Test #11: fixedwide.negative.invalid_bits ..........   Passed    0.07 sec
     12/14 Test #12: fixedwide.negative.invalid_scale .........   Passed    0.07 sec
     13/14 Test #13: fixedwide.negative.runtime_scale .........   Passed    0.07 sec
     14/14 Test #14: fixedwide.oracle .........................   Passed    0.00 sec
   Total: 100% tests passed out of 14

5. Example Execution:
   Command: ./build/examples/fixedwide_example
   Output:
     Price:    123.4567
     Quantity: 10.50
     Notional: 1296.29535
     Binary serialization roundtrip successful (16 bytes)
   Status: OK

VERIFICATION RESULT: PASSED (100% Verified)
