taskset: failed to execute /tmp/tmp.6GANucmGFM/build_baseline/benchmarks/fixedwide_rounding_bench: No such file or directory
taskset: failed to execute /tmp/tmp.7HwRgCCjE5/build_baseline/benchmarks/fixedwide_rounding_bench: No such file or directory
paired_rounding_benchmark;compiler=Ubuntu Clang 17.0.6 (9ubuntu1);digits=12;iterations=1048576;pairs=9;seed=1
fixture=throughput4096.FP64.mul rows=4096 exact=0 ties=0 mode_changed=2072
fixture=throughput256.FP64.mul rows=256 exact=0 ties=0 mode_changed=130
fixture=exact_results.FP64.mul rows=4096 exact=4096 ties=0 mode_changed=0
fixture=halfway_ties.FP64.mul rows=4096 exact=0 ties=4096 mode_changed=2030
fixture=exact_chain.FP64.mul mode=toward_zero first4096_exact=4096 first4096_ties=0 start_raw=1250000000000 final_raw=1250000000000 steps=1048576
fixture=exact_chain.FP64.mul mode=nearest_even first4096_exact=4096 first4096_ties=0 start_raw=1250000000000 final_raw=1250000000000 steps=1048576
fixture=inexact_chain.FP64.mul mode=toward_zero first4096_exact=0 first4096_ties=0 start_raw=1250000000000 final_raw=1249999157525 steps=1048576
fixture=inexact_chain.FP64.mul mode=nearest_even first4096_exact=0 first4096_ties=0 start_raw=1250000000000 final_raw=1249999680840 steps=1048576
fixture=throughput4096.FP64.div rows=4096 exact=0 ties=0 mode_changed=2049
fixture=throughput256.FP64.div rows=256 exact=0 ties=0 mode_changed=125
fixture=exact_results.FP64.div rows=4096 exact=4096 ties=0 mode_changed=0
fixture=halfway_ties.FP64.div rows=4096 exact=0 ties=4096 mode_changed=2030
fixture=exact_chain.FP64.div mode=toward_zero first4096_exact=4096 first4096_ties=0 start_raw=1250000000000 final_raw=1250000000000 steps=1048576
fixture=exact_chain.FP64.div mode=nearest_even first4096_exact=4096 first4096_ties=0 start_raw=1250000000000 final_raw=1250000000000 steps=1048576
fixture=inexact_chain.FP64.div mode=toward_zero first4096_exact=0 first4096_ties=0 start_raw=1250000000000 final_raw=1249999794619 steps=1048576
fixture=inexact_chain.FP64.div mode=nearest_even first4096_exact=0 first4096_ties=0 start_raw=1250000000000 final_raw=1250000319848 steps=1048576
fixture=throughput4096.FP64.mul_div rows=4096 exact=0 ties=0 mode_changed=2070
fixture=throughput256.FP64.mul_div rows=256 exact=0 ties=0 mode_changed=126
fixture=exact_results.FP64.mul_div rows=4096 exact=4096 ties=0 mode_changed=0
fixture=halfway_ties.FP64.mul_div rows=4096 exact=0 ties=4096 mode_changed=2030
fixture=exact_chain.FP64.mul_div mode=toward_zero first4096_exact=4096 first4096_ties=0 start_raw=1250000000000 final_raw=1250000000000 steps=1048576
fixture=exact_chain.FP64.mul_div mode=nearest_even first4096_exact=4096 first4096_ties=0 start_raw=1250000000000 final_raw=1250000000000 steps=1048576
fixture=inexact_chain.FP64.mul_div mode=toward_zero first4096_exact=0 first4096_ties=0 start_raw=1250000000000 final_raw=1249999475007 steps=1048576
fixture=inexact_chain.FP64.mul_div mode=nearest_even first4096_exact=0 first4096_ties=0 start_raw=1250000000000 final_raw=1250000000000 steps=1048576
fixture=throughput4096.FP128.mul rows=4096 exact=0 ties=0 mode_changed=2072
fixture=throughput256.FP128.mul rows=256 exact=0 ties=0 mode_changed=130
fixture=exact_results.FP128.mul rows=4096 exact=4096 ties=0 mode_changed=0
fixture=halfway_ties.FP128.mul rows=4096 exact=0 ties=4096 mode_changed=2030
fixture=exact_chain.FP128.mul mode=toward_zero first4096_exact=4096 first4096_ties=0 start_raw=1250000000000 final_raw=1250000000000 steps=1048576
fixture=exact_chain.FP128.mul mode=nearest_even first4096_exact=4096 first4096_ties=0 start_raw=1250000000000 final_raw=1250000000000 steps=1048576
fixture=inexact_chain.FP128.mul mode=toward_zero first4096_exact=0 first4096_ties=0 start_raw=1250000000000 final_raw=1249999157525 steps=1048576
fixture=inexact_chain.FP128.mul mode=nearest_even first4096_exact=0 first4096_ties=0 start_raw=1250000000000 final_raw=1249999680840 steps=1048576
fixture=throughput4096.FP128.div rows=4096 exact=0 ties=0 mode_changed=2049
fixture=throughput256.FP128.div rows=256 exact=0 ties=0 mode_changed=125
fixture=exact_results.FP128.div rows=4096 exact=4096 ties=0 mode_changed=0
fixture=halfway_ties.FP128.div rows=4096 exact=0 ties=4096 mode_changed=2030
fixture=exact_chain.FP128.div mode=toward_zero first4096_exact=4096 first4096_ties=0 start_raw=1250000000000 final_raw=1250000000000 steps=1048576
fixture=exact_chain.FP128.div mode=nearest_even first4096_exact=4096 first4096_ties=0 start_raw=1250000000000 final_raw=1250000000000 steps=1048576
fixture=inexact_chain.FP128.div mode=toward_zero first4096_exact=0 first4096_ties=0 start_raw=1250000000000 final_raw=1249999794619 steps=1048576
fixture=inexact_chain.FP128.div mode=nearest_even first4096_exact=0 first4096_ties=0 start_raw=1250000000000 final_raw=1250000319848 steps=1048576
fixture=throughput4096.FP128.mul_div rows=4096 exact=0 ties=0 mode_changed=2070
fixture=throughput256.FP128.mul_div rows=256 exact=0 ties=0 mode_changed=126
fixture=exact_results.FP128.mul_div rows=4096 exact=4096 ties=0 mode_changed=0
fixture=halfway_ties.FP128.mul_div rows=4096 exact=0 ties=4096 mode_changed=2030
fixture=exact_chain.FP128.mul_div mode=toward_zero first4096_exact=4096 first4096_ties=0 start_raw=1250000000000 final_raw=1250000000000 steps=1048576
fixture=exact_chain.FP128.mul_div mode=nearest_even first4096_exact=4096 first4096_ties=0 start_raw=1250000000000 final_raw=1250000000000 steps=1048576
fixture=inexact_chain.FP128.mul_div mode=toward_zero first4096_exact=0 first4096_ties=0 start_raw=1250000000000 final_raw=1249999475007 steps=1048576
fixture=inexact_chain.FP128.mul_div mode=nearest_even first4096_exact=0 first4096_ties=0 start_raw=1250000000000 final_raw=1250000000000 steps=1048576
fixture=wide_product.FP128.mul rows=4096 exact=0 ties=0 mode_changed=2060
fixture=native_by64.FP128.div rows=4096 exact=0 ties=0 mode_changed=1991
fixture=native_by128.FP128.div rows=4096 exact=0 ties=0 mode_changed=2012
fixture=wide_by64.FP128.div rows=4096 exact=0 ties=0 mode_changed=2067
fixture=wide_by128.FP128.div rows=4096 exact=0 ties=0 mode_changed=2084
fixture=wide_product.FP128.mul_div rows=4096 exact=0 ties=0 mode_changed=1994
fixture=throughput4096.FP64.quantize4 rows=4096 exact=0 ties=0 mode_changed=2056
fixture=throughput4096.FP128.quantize4 rows=4096 exact=0 ties=0 mode_changed=2056
PASSED oracle_checks=363520
paired_rounding_benchmark;compiler=Ubuntu Clang 17.0.6 (9ubuntu1);digits=12;iterations=1048576;pairs=9;seed=1
fixture=throughput4096.FP64.mul rows=4096 exact=0 ties=0 mode_changed=2072
fixture=throughput256.FP64.mul rows=256 exact=0 ties=0 mode_changed=130
fixture=exact_results.FP64.mul rows=4096 exact=4096 ties=0 mode_changed=0
fixture=halfway_ties.FP64.mul rows=4096 exact=0 ties=4096 mode_changed=2030
fixture=exact_chain.FP64.mul mode=toward_zero first4096_exact=4096 first4096_ties=0 start_raw=1250000000000 final_raw=1250000000000 steps=1048576
fixture=exact_chain.FP64.mul mode=nearest_even first4096_exact=4096 first4096_ties=0 start_raw=1250000000000 final_raw=1250000000000 steps=1048576
fixture=inexact_chain.FP64.mul mode=toward_zero first4096_exact=0 first4096_ties=0 start_raw=1250000000000 final_raw=1249999157525 steps=1048576
fixture=inexact_chain.FP64.mul mode=nearest_even first4096_exact=0 first4096_ties=0 start_raw=1250000000000 final_raw=1249999680840 steps=1048576
fixture=throughput4096.FP64.div rows=4096 exact=0 ties=0 mode_changed=2049
fixture=throughput256.FP64.div rows=256 exact=0 ties=0 mode_changed=125
fixture=exact_results.FP64.div rows=4096 exact=4096 ties=0 mode_changed=0
fixture=halfway_ties.FP64.div rows=4096 exact=0 ties=4096 mode_changed=2030
fixture=exact_chain.FP64.div mode=toward_zero first4096_exact=4096 first4096_ties=0 start_raw=1250000000000 final_raw=1250000000000 steps=1048576
fixture=exact_chain.FP64.div mode=nearest_even first4096_exact=4096 first4096_ties=0 start_raw=1250000000000 final_raw=1250000000000 steps=1048576
fixture=inexact_chain.FP64.div mode=toward_zero first4096_exact=0 first4096_ties=0 start_raw=1250000000000 final_raw=1249999794619 steps=1048576
fixture=inexact_chain.FP64.div mode=nearest_even first4096_exact=0 first4096_ties=0 start_raw=1250000000000 final_raw=1250000319848 steps=1048576
fixture=throughput4096.FP64.mul_div rows=4096 exact=0 ties=0 mode_changed=2070
fixture=throughput256.FP64.mul_div rows=256 exact=0 ties=0 mode_changed=126
fixture=exact_results.FP64.mul_div rows=4096 exact=4096 ties=0 mode_changed=0
fixture=halfway_ties.FP64.mul_div rows=4096 exact=0 ties=4096 mode_changed=2030
fixture=exact_chain.FP64.mul_div mode=toward_zero first4096_exact=4096 first4096_ties=0 start_raw=1250000000000 final_raw=1250000000000 steps=1048576
fixture=exact_chain.FP64.mul_div mode=nearest_even first4096_exact=4096 first4096_ties=0 start_raw=1250000000000 final_raw=1250000000000 steps=1048576
fixture=inexact_chain.FP64.mul_div mode=toward_zero first4096_exact=0 first4096_ties=0 start_raw=1250000000000 final_raw=1249999475007 steps=1048576
fixture=inexact_chain.FP64.mul_div mode=nearest_even first4096_exact=0 first4096_ties=0 start_raw=1250000000000 final_raw=1250000000000 steps=1048576
fixture=throughput4096.FP128.mul rows=4096 exact=0 ties=0 mode_changed=2072
fixture=throughput256.FP128.mul rows=256 exact=0 ties=0 mode_changed=130
fixture=exact_results.FP128.mul rows=4096 exact=4096 ties=0 mode_changed=0
fixture=halfway_ties.FP128.mul rows=4096 exact=0 ties=4096 mode_changed=2030
fixture=exact_chain.FP128.mul mode=toward_zero first4096_exact=4096 first4096_ties=0 start_raw=1250000000000 final_raw=1250000000000 steps=1048576
fixture=exact_chain.FP128.mul mode=nearest_even first4096_exact=4096 first4096_ties=0 start_raw=1250000000000 final_raw=1250000000000 steps=1048576
fixture=inexact_chain.FP128.mul mode=toward_zero first4096_exact=0 first4096_ties=0 start_raw=1250000000000 final_raw=1249999157525 steps=1048576
fixture=inexact_chain.FP128.mul mode=nearest_even first4096_exact=0 first4096_ties=0 start_raw=1250000000000 final_raw=1249999680840 steps=1048576
fixture=throughput4096.FP128.div rows=4096 exact=0 ties=0 mode_changed=2049
fixture=throughput256.FP128.div rows=256 exact=0 ties=0 mode_changed=125
fixture=exact_results.FP128.div rows=4096 exact=4096 ties=0 mode_changed=0
fixture=halfway_ties.FP128.div rows=4096 exact=0 ties=4096 mode_changed=2030
fixture=exact_chain.FP128.div mode=toward_zero first4096_exact=4096 first4096_ties=0 start_raw=1250000000000 final_raw=1250000000000 steps=1048576
fixture=exact_chain.FP128.div mode=nearest_even first4096_exact=4096 first4096_ties=0 start_raw=1250000000000 final_raw=1250000000000 steps=1048576
fixture=inexact_chain.FP128.div mode=toward_zero first4096_exact=0 first4096_ties=0 start_raw=1250000000000 final_raw=1249999794619 steps=1048576
fixture=inexact_chain.FP128.div mode=nearest_even first4096_exact=0 first4096_ties=0 start_raw=1250000000000 final_raw=1250000319848 steps=1048576
fixture=throughput4096.FP128.mul_div rows=4096 exact=0 ties=0 mode_changed=2070
fixture=throughput256.FP128.mul_div rows=256 exact=0 ties=0 mode_changed=126
fixture=exact_results.FP128.mul_div rows=4096 exact=4096 ties=0 mode_changed=0
fixture=halfway_ties.FP128.mul_div rows=4096 exact=0 ties=4096 mode_changed=2030
fixture=exact_chain.FP128.mul_div mode=toward_zero first4096_exact=4096 first4096_ties=0 start_raw=1250000000000 final_raw=1250000000000 steps=1048576
fixture=exact_chain.FP128.mul_div mode=nearest_even first4096_exact=4096 first4096_ties=0 start_raw=1250000000000 final_raw=1250000000000 steps=1048576
fixture=inexact_chain.FP128.mul_div mode=toward_zero first4096_exact=0 first4096_ties=0 start_raw=1250000000000 final_raw=1249999475007 steps=1048576
fixture=inexact_chain.FP128.mul_div mode=nearest_even first4096_exact=0 first4096_ties=0 start_raw=1250000000000 final_raw=1250000000000 steps=1048576
fixture=wide_product.FP128.mul rows=4096 exact=0 ties=0 mode_changed=2060
fixture=native_by64.FP128.div rows=4096 exact=0 ties=0 mode_changed=1991
fixture=native_by128.FP128.div rows=4096 exact=0 ties=0 mode_changed=2012
fixture=wide_by64.FP128.div rows=4096 exact=0 ties=0 mode_changed=2067
fixture=wide_by128.FP128.div rows=4096 exact=0 ties=0 mode_changed=2084
fixture=wide_product.FP128.mul_div rows=4096 exact=0 ties=0 mode_changed=1994
fixture=throughput4096.FP64.quantize4 rows=4096 exact=0 ties=0 mode_changed=2056
fixture=throughput4096.FP128.quantize4 rows=4096 exact=0 ties=0 mode_changed=2056
PASSED oracle_checks=363520
paired_rounding_benchmark;compiler=Ubuntu Clang 17.0.6 (9ubuntu1);digits=12;iterations=1048576;pairs=9;seed=1
fixture=throughput4096.FP64.mul rows=4096 exact=0 ties=0 mode_changed=2072
fixture=throughput256.FP64.mul rows=256 exact=0 ties=0 mode_changed=130
fixture=exact_results.FP64.mul rows=4096 exact=4096 ties=0 mode_changed=0
fixture=halfway_ties.FP64.mul rows=4096 exact=0 ties=4096 mode_changed=2030
fixture=exact_chain.FP64.mul mode=toward_zero first4096_exact=4096 first4096_ties=0 start_raw=1250000000000 final_raw=1250000000000 steps=1048576
fixture=exact_chain.FP64.mul mode=nearest_even first4096_exact=4096 first4096_ties=0 start_raw=1250000000000 final_raw=1250000000000 steps=1048576
fixture=inexact_chain.FP64.mul mode=toward_zero first4096_exact=0 first4096_ties=0 start_raw=1250000000000 final_raw=1249999157525 steps=1048576
fixture=inexact_chain.FP64.mul mode=nearest_even first4096_exact=0 first4096_ties=0 start_raw=1250000000000 final_raw=1249999680840 steps=1048576
fixture=throughput4096.FP64.div rows=4096 exact=0 ties=0 mode_changed=2049
fixture=throughput256.FP64.div rows=256 exact=0 ties=0 mode_changed=125
fixture=exact_results.FP64.div rows=4096 exact=4096 ties=0 mode_changed=0
fixture=halfway_ties.FP64.div rows=4096 exact=0 ties=4096 mode_changed=2030
fixture=exact_chain.FP64.div mode=toward_zero first4096_exact=4096 first4096_ties=0 start_raw=1250000000000 final_raw=1250000000000 steps=1048576
fixture=exact_chain.FP64.div mode=nearest_even first4096_exact=4096 first4096_ties=0 start_raw=1250000000000 final_raw=1250000000000 steps=1048576
fixture=inexact_chain.FP64.div mode=toward_zero first4096_exact=0 first4096_ties=0 start_raw=1250000000000 final_raw=1249999794619 steps=1048576
fixture=inexact_chain.FP64.div mode=nearest_even first4096_exact=0 first4096_ties=0 start_raw=1250000000000 final_raw=1250000319848 steps=1048576
fixture=throughput4096.FP64.mul_div rows=4096 exact=0 ties=0 mode_changed=2070
fixture=throughput256.FP64.mul_div rows=256 exact=0 ties=0 mode_changed=126
fixture=exact_results.FP64.mul_div rows=4096 exact=4096 ties=0 mode_changed=0
fixture=halfway_ties.FP64.mul_div rows=4096 exact=0 ties=4096 mode_changed=2030
fixture=exact_chain.FP64.mul_div mode=toward_zero first4096_exact=4096 first4096_ties=0 start_raw=1250000000000 final_raw=1250000000000 steps=1048576
fixture=exact_chain.FP64.mul_div mode=nearest_even first4096_exact=4096 first4096_ties=0 start_raw=1250000000000 final_raw=1250000000000 steps=1048576
fixture=inexact_chain.FP64.mul_div mode=toward_zero first4096_exact=0 first4096_ties=0 start_raw=1250000000000 final_raw=1249999475007 steps=1048576
fixture=inexact_chain.FP64.mul_div mode=nearest_even first4096_exact=0 first4096_ties=0 start_raw=1250000000000 final_raw=1250000000000 steps=1048576
fixture=throughput4096.FP128.mul rows=4096 exact=0 ties=0 mode_changed=2072
fixture=throughput256.FP128.mul rows=256 exact=0 ties=0 mode_changed=130
fixture=exact_results.FP128.mul rows=4096 exact=4096 ties=0 mode_changed=0
fixture=halfway_ties.FP128.mul rows=4096 exact=0 ties=4096 mode_changed=2030
fixture=exact_chain.FP128.mul mode=toward_zero first4096_exact=4096 first4096_ties=0 start_raw=1250000000000 final_raw=1250000000000 steps=1048576
fixture=exact_chain.FP128.mul mode=nearest_even first4096_exact=4096 first4096_ties=0 start_raw=1250000000000 final_raw=1250000000000 steps=1048576
fixture=inexact_chain.FP128.mul mode=toward_zero first4096_exact=0 first4096_ties=0 start_raw=1250000000000 final_raw=1249999157525 steps=1048576
fixture=inexact_chain.FP128.mul mode=nearest_even first4096_exact=0 first4096_ties=0 start_raw=1250000000000 final_raw=1249999680840 steps=1048576
fixture=throughput4096.FP128.div rows=4096 exact=0 ties=0 mode_changed=2049
fixture=throughput256.FP128.div rows=256 exact=0 ties=0 mode_changed=125
fixture=exact_results.FP128.div rows=4096 exact=4096 ties=0 mode_changed=0
fixture=halfway_ties.FP128.div rows=4096 exact=0 ties=4096 mode_changed=2030
fixture=exact_chain.FP128.div mode=toward_zero first4096_exact=4096 first4096_ties=0 start_raw=1250000000000 final_raw=1250000000000 steps=1048576
fixture=exact_chain.FP128.div mode=nearest_even first4096_exact=4096 first4096_ties=0 start_raw=1250000000000 final_raw=1250000000000 steps=1048576
fixture=inexact_chain.FP128.div mode=toward_zero first4096_exact=0 first4096_ties=0 start_raw=1250000000000 final_raw=1249999794619 steps=1048576
fixture=inexact_chain.FP128.div mode=nearest_even first4096_exact=0 first4096_ties=0 start_raw=1250000000000 final_raw=1250000319848 steps=1048576
fixture=throughput4096.FP128.mul_div rows=4096 exact=0 ties=0 mode_changed=2070
fixture=throughput256.FP128.mul_div rows=256 exact=0 ties=0 mode_changed=126
fixture=exact_results.FP128.mul_div rows=4096 exact=4096 ties=0 mode_changed=0
fixture=halfway_ties.FP128.mul_div rows=4096 exact=0 ties=4096 mode_changed=2030
fixture=exact_chain.FP128.mul_div mode=toward_zero first4096_exact=4096 first4096_ties=0 start_raw=1250000000000 final_raw=1250000000000 steps=1048576
fixture=exact_chain.FP128.mul_div mode=nearest_even first4096_exact=4096 first4096_ties=0 start_raw=1250000000000 final_raw=1250000000000 steps=1048576
fixture=inexact_chain.FP128.mul_div mode=toward_zero first4096_exact=0 first4096_ties=0 start_raw=1250000000000 final_raw=1249999475007 steps=1048576
fixture=inexact_chain.FP128.mul_div mode=nearest_even first4096_exact=0 first4096_ties=0 start_raw=1250000000000 final_raw=1250000000000 steps=1048576
fixture=wide_product.FP128.mul rows=4096 exact=0 ties=0 mode_changed=2060
fixture=native_by64.FP128.div rows=4096 exact=0 ties=0 mode_changed=1991
fixture=native_by128.FP128.div rows=4096 exact=0 ties=0 mode_changed=2012
fixture=wide_by64.FP128.div rows=4096 exact=0 ties=0 mode_changed=2067
fixture=wide_by128.FP128.div rows=4096 exact=0 ties=0 mode_changed=2084
fixture=wide_product.FP128.mul_div rows=4096 exact=0 ties=0 mode_changed=1994
fixture=throughput4096.FP64.quantize4 rows=4096 exact=0 ties=0 mode_changed=2056
fixture=throughput4096.FP128.quantize4 rows=4096 exact=0 ties=0 mode_changed=2056
PASSED oracle_checks=363520
paired_rounding_benchmark;compiler=Ubuntu Clang 17.0.6 (9ubuntu1);digits=12;iterations=1048576;pairs=9;seed=2
fixture=throughput4096.FP64.mul rows=4096 exact=0 ties=0 mode_changed=2072
fixture=throughput256.FP64.mul rows=256 exact=0 ties=0 mode_changed=130
fixture=exact_results.FP64.mul rows=4096 exact=4096 ties=0 mode_changed=0
fixture=halfway_ties.FP64.mul rows=4096 exact=0 ties=4096 mode_changed=2030
fixture=exact_chain.FP64.mul mode=toward_zero first4096_exact=4096 first4096_ties=0 start_raw=1250000000000 final_raw=1250000000000 steps=1048576
fixture=exact_chain.FP64.mul mode=nearest_even first4096_exact=4096 first4096_ties=0 start_raw=1250000000000 final_raw=1250000000000 steps=1048576
fixture=inexact_chain.FP64.mul mode=toward_zero first4096_exact=0 first4096_ties=0 start_raw=1250000000000 final_raw=1249999157525 steps=1048576
fixture=inexact_chain.FP64.mul mode=nearest_even first4096_exact=0 first4096_ties=0 start_raw=1250000000000 final_raw=1249999680840 steps=1048576
fixture=throughput4096.FP64.div rows=4096 exact=0 ties=0 mode_changed=2049
fixture=throughput256.FP64.div rows=256 exact=0 ties=0 mode_changed=125
fixture=exact_results.FP64.div rows=4096 exact=4096 ties=0 mode_changed=0
fixture=halfway_ties.FP64.div rows=4096 exact=0 ties=4096 mode_changed=2030
fixture=exact_chain.FP64.div mode=toward_zero first4096_exact=4096 first4096_ties=0 start_raw=1250000000000 final_raw=1250000000000 steps=1048576
fixture=exact_chain.FP64.div mode=nearest_even first4096_exact=4096 first4096_ties=0 start_raw=1250000000000 final_raw=1250000000000 steps=1048576
fixture=inexact_chain.FP64.div mode=toward_zero first4096_exact=0 first4096_ties=0 start_raw=1250000000000 final_raw=1249999794619 steps=1048576
fixture=inexact_chain.FP64.div mode=nearest_even first4096_exact=0 first4096_ties=0 start_raw=1250000000000 final_raw=1250000319848 steps=1048576
fixture=throughput4096.FP64.mul_div rows=4096 exact=0 ties=0 mode_changed=2070
fixture=throughput256.FP64.mul_div rows=256 exact=0 ties=0 mode_changed=126
fixture=exact_results.FP64.mul_div rows=4096 exact=4096 ties=0 mode_changed=0
fixture=halfway_ties.FP64.mul_div rows=4096 exact=0 ties=4096 mode_changed=2030
fixture=exact_chain.FP64.mul_div mode=toward_zero first4096_exact=4096 first4096_ties=0 start_raw=1250000000000 final_raw=1250000000000 steps=1048576
fixture=exact_chain.FP64.mul_div mode=nearest_even first4096_exact=4096 first4096_ties=0 start_raw=1250000000000 final_raw=1250000000000 steps=1048576
fixture=inexact_chain.FP64.mul_div mode=toward_zero first4096_exact=0 first4096_ties=0 start_raw=1250000000000 final_raw=1249999475007 steps=1048576
fixture=inexact_chain.FP64.mul_div mode=nearest_even first4096_exact=0 first4096_ties=0 start_raw=1250000000000 final_raw=1250000000000 steps=1048576
fixture=throughput4096.FP128.mul rows=4096 exact=0 ties=0 mode_changed=2072
fixture=throughput256.FP128.mul rows=256 exact=0 ties=0 mode_changed=130
fixture=exact_results.FP128.mul rows=4096 exact=4096 ties=0 mode_changed=0
fixture=halfway_ties.FP128.mul rows=4096 exact=0 ties=4096 mode_changed=2030
fixture=exact_chain.FP128.mul mode=toward_zero first4096_exact=4096 first4096_ties=0 start_raw=1250000000000 final_raw=1250000000000 steps=1048576
fixture=exact_chain.FP128.mul mode=nearest_even first4096_exact=4096 first4096_ties=0 start_raw=1250000000000 final_raw=1250000000000 steps=1048576
fixture=inexact_chain.FP128.mul mode=toward_zero first4096_exact=0 first4096_ties=0 start_raw=1250000000000 final_raw=1249999157525 steps=1048576
fixture=inexact_chain.FP128.mul mode=nearest_even first4096_exact=0 first4096_ties=0 start_raw=1250000000000 final_raw=1249999680840 steps=1048576
fixture=throughput4096.FP128.div rows=4096 exact=0 ties=0 mode_changed=2049
fixture=throughput256.FP128.div rows=256 exact=0 ties=0 mode_changed=125
fixture=exact_results.FP128.div rows=4096 exact=4096 ties=0 mode_changed=0
fixture=halfway_ties.FP128.div rows=4096 exact=0 ties=4096 mode_changed=2030
fixture=exact_chain.FP128.div mode=toward_zero first4096_exact=4096 first4096_ties=0 start_raw=1250000000000 final_raw=1250000000000 steps=1048576
fixture=exact_chain.FP128.div mode=nearest_even first4096_exact=4096 first4096_ties=0 start_raw=1250000000000 final_raw=1250000000000 steps=1048576
fixture=inexact_chain.FP128.div mode=toward_zero first4096_exact=0 first4096_ties=0 start_raw=1250000000000 final_raw=1249999794619 steps=1048576
fixture=inexact_chain.FP128.div mode=nearest_even first4096_exact=0 first4096_ties=0 start_raw=1250000000000 final_raw=1250000319848 steps=1048576
fixture=throughput4096.FP128.mul_div rows=4096 exact=0 ties=0 mode_changed=2070
fixture=throughput256.FP128.mul_div rows=256 exact=0 ties=0 mode_changed=126
fixture=exact_results.FP128.mul_div rows=4096 exact=4096 ties=0 mode_changed=0
fixture=halfway_ties.FP128.mul_div rows=4096 exact=0 ties=4096 mode_changed=2030
fixture=exact_chain.FP128.mul_div mode=toward_zero first4096_exact=4096 first4096_ties=0 start_raw=1250000000000 final_raw=1250000000000 steps=1048576
fixture=exact_chain.FP128.mul_div mode=nearest_even first4096_exact=4096 first4096_ties=0 start_raw=1250000000000 final_raw=1250000000000 steps=1048576
fixture=inexact_chain.FP128.mul_div mode=toward_zero first4096_exact=0 first4096_ties=0 start_raw=1250000000000 final_raw=1249999475007 steps=1048576
fixture=inexact_chain.FP128.mul_div mode=nearest_even first4096_exact=0 first4096_ties=0 start_raw=1250000000000 final_raw=1250000000000 steps=1048576
fixture=wide_product.FP128.mul rows=4096 exact=0 ties=0 mode_changed=2060
fixture=native_by64.FP128.div rows=4096 exact=0 ties=0 mode_changed=1991
fixture=native_by128.FP128.div rows=4096 exact=0 ties=0 mode_changed=2012
fixture=wide_by64.FP128.div rows=4096 exact=0 ties=0 mode_changed=2067
fixture=wide_by128.FP128.div rows=4096 exact=0 ties=0 mode_changed=2084
fixture=wide_product.FP128.mul_div rows=4096 exact=0 ties=0 mode_changed=1994
fixture=throughput4096.FP64.quantize4 rows=4096 exact=0 ties=0 mode_changed=2056
fixture=throughput4096.FP128.quantize4 rows=4096 exact=0 ties=0 mode_changed=2056
PASSED oracle_checks=363520
paired_rounding_benchmark;compiler=Ubuntu Clang 17.0.6 (9ubuntu1);digits=12;iterations=1048576;pairs=9;seed=3
fixture=throughput4096.FP64.mul rows=4096 exact=0 ties=0 mode_changed=2072
fixture=throughput256.FP64.mul rows=256 exact=0 ties=0 mode_changed=130
fixture=exact_results.FP64.mul rows=4096 exact=4096 ties=0 mode_changed=0
fixture=halfway_ties.FP64.mul rows=4096 exact=0 ties=4096 mode_changed=2030
fixture=exact_chain.FP64.mul mode=toward_zero first4096_exact=4096 first4096_ties=0 start_raw=1250000000000 final_raw=1250000000000 steps=1048576
fixture=exact_chain.FP64.mul mode=nearest_even first4096_exact=4096 first4096_ties=0 start_raw=1250000000000 final_raw=1250000000000 steps=1048576
fixture=inexact_chain.FP64.mul mode=toward_zero first4096_exact=0 first4096_ties=0 start_raw=1250000000000 final_raw=1249999157525 steps=1048576
fixture=inexact_chain.FP64.mul mode=nearest_even first4096_exact=0 first4096_ties=0 start_raw=1250000000000 final_raw=1249999680840 steps=1048576
fixture=throughput4096.FP64.div rows=4096 exact=0 ties=0 mode_changed=2049
fixture=throughput256.FP64.div rows=256 exact=0 ties=0 mode_changed=125
fixture=exact_results.FP64.div rows=4096 exact=4096 ties=0 mode_changed=0
fixture=halfway_ties.FP64.div rows=4096 exact=0 ties=4096 mode_changed=2030
fixture=exact_chain.FP64.div mode=toward_zero first4096_exact=4096 first4096_ties=0 start_raw=1250000000000 final_raw=1250000000000 steps=1048576
fixture=exact_chain.FP64.div mode=nearest_even first4096_exact=4096 first4096_ties=0 start_raw=1250000000000 final_raw=1250000000000 steps=1048576
fixture=inexact_chain.FP64.div mode=toward_zero first4096_exact=0 first4096_ties=0 start_raw=1250000000000 final_raw=1249999794619 steps=1048576
fixture=inexact_chain.FP64.div mode=nearest_even first4096_exact=0 first4096_ties=0 start_raw=1250000000000 final_raw=1250000319848 steps=1048576
fixture=throughput4096.FP64.mul_div rows=4096 exact=0 ties=0 mode_changed=2070
fixture=throughput256.FP64.mul_div rows=256 exact=0 ties=0 mode_changed=126
fixture=exact_results.FP64.mul_div rows=4096 exact=4096 ties=0 mode_changed=0
fixture=halfway_ties.FP64.mul_div rows=4096 exact=0 ties=4096 mode_changed=2030
fixture=exact_chain.FP64.mul_div mode=toward_zero first4096_exact=4096 first4096_ties=0 start_raw=1250000000000 final_raw=1250000000000 steps=1048576
fixture=exact_chain.FP64.mul_div mode=nearest_even first4096_exact=4096 first4096_ties=0 start_raw=1250000000000 final_raw=1250000000000 steps=1048576
fixture=inexact_chain.FP64.mul_div mode=toward_zero first4096_exact=0 first4096_ties=0 start_raw=1250000000000 final_raw=1249999475007 steps=1048576
fixture=inexact_chain.FP64.mul_div mode=nearest_even first4096_exact=0 first4096_ties=0 start_raw=1250000000000 final_raw=1250000000000 steps=1048576
fixture=throughput4096.FP128.mul rows=4096 exact=0 ties=0 mode_changed=2072
fixture=throughput256.FP128.mul rows=256 exact=0 ties=0 mode_changed=130
fixture=exact_results.FP128.mul rows=4096 exact=4096 ties=0 mode_changed=0
fixture=halfway_ties.FP128.mul rows=4096 exact=0 ties=4096 mode_changed=2030
fixture=exact_chain.FP128.mul mode=toward_zero first4096_exact=4096 first4096_ties=0 start_raw=1250000000000 final_raw=1250000000000 steps=1048576
fixture=exact_chain.FP128.mul mode=nearest_even first4096_exact=4096 first4096_ties=0 start_raw=1250000000000 final_raw=1250000000000 steps=1048576
fixture=inexact_chain.FP128.mul mode=toward_zero first4096_exact=0 first4096_ties=0 start_raw=1250000000000 final_raw=1249999157525 steps=1048576
fixture=inexact_chain.FP128.mul mode=nearest_even first4096_exact=0 first4096_ties=0 start_raw=1250000000000 final_raw=1249999680840 steps=1048576
fixture=throughput4096.FP128.div rows=4096 exact=0 ties=0 mode_changed=2049
fixture=throughput256.FP128.div rows=256 exact=0 ties=0 mode_changed=125
fixture=exact_results.FP128.div rows=4096 exact=4096 ties=0 mode_changed=0
fixture=halfway_ties.FP128.div rows=4096 exact=0 ties=4096 mode_changed=2030
fixture=exact_chain.FP128.div mode=toward_zero first4096_exact=4096 first4096_ties=0 start_raw=1250000000000 final_raw=1250000000000 steps=1048576
fixture=exact_chain.FP128.div mode=nearest_even first4096_exact=4096 first4096_ties=0 start_raw=1250000000000 final_raw=1250000000000 steps=1048576
fixture=inexact_chain.FP128.div mode=toward_zero first4096_exact=0 first4096_ties=0 start_raw=1250000000000 final_raw=1249999794619 steps=1048576
fixture=inexact_chain.FP128.div mode=nearest_even first4096_exact=0 first4096_ties=0 start_raw=1250000000000 final_raw=1250000319848 steps=1048576
fixture=throughput4096.FP128.mul_div rows=4096 exact=0 ties=0 mode_changed=2070
fixture=throughput256.FP128.mul_div rows=256 exact=0 ties=0 mode_changed=126
fixture=exact_results.FP128.mul_div rows=4096 exact=4096 ties=0 mode_changed=0
fixture=halfway_ties.FP128.mul_div rows=4096 exact=0 ties=4096 mode_changed=2030
fixture=exact_chain.FP128.mul_div mode=toward_zero first4096_exact=4096 first4096_ties=0 start_raw=1250000000000 final_raw=1250000000000 steps=1048576
fixture=exact_chain.FP128.mul_div mode=nearest_even first4096_exact=4096 first4096_ties=0 start_raw=1250000000000 final_raw=1250000000000 steps=1048576
fixture=inexact_chain.FP128.mul_div mode=toward_zero first4096_exact=0 first4096_ties=0 start_raw=1250000000000 final_raw=1249999475007 steps=1048576
fixture=inexact_chain.FP128.mul_div mode=nearest_even first4096_exact=0 first4096_ties=0 start_raw=1250000000000 final_raw=1250000000000 steps=1048576
fixture=wide_product.FP128.mul rows=4096 exact=0 ties=0 mode_changed=2060
fixture=native_by64.FP128.div rows=4096 exact=0 ties=0 mode_changed=1991
fixture=native_by128.FP128.div rows=4096 exact=0 ties=0 mode_changed=2012
fixture=wide_by64.FP128.div rows=4096 exact=0 ties=0 mode_changed=2067
fixture=wide_by128.FP128.div rows=4096 exact=0 ties=0 mode_changed=2084
fixture=wide_product.FP128.mul_div rows=4096 exact=0 ties=0 mode_changed=1994
fixture=throughput4096.FP64.quantize4 rows=4096 exact=0 ties=0 mode_changed=2056
fixture=throughput4096.FP128.quantize4 rows=4096 exact=0 ties=0 mode_changed=2056
PASSED oracle_checks=363520
